// Jest Snapshot v1, https://goo.gl/fbAQLP

exports[`ImageUploader.vue matches the snapshot 1`] = `undefined`;
