// Jest Snapshot v1, https://goo.gl/fbAQLP

exports[`Home.vue matches the snapshot 1`] = `undefined`;
